C51 COMPILER V8.08   人体红蚠                                                              04/28/2019 20:17:41 PAGE 1   


C51 COMPILER V8.08, COMPILATION OF MODULE 人体红蚠
OBJECT MODULE PLACED IN 人体红外.OBJ
COMPILER INVOKED BY: D:\keil C51\KEIL UV3 8.08 + 注册机\KEIL UV3 8.08\C51\BIN\C51.EXE 人体红外.c BROWSE DEBUG OBJECTEXTE
                    -ND

line level    source

   1          #include<reg52.h>
   2          #include <intrins.h>  
   3          #define uint unsigned int  
   4          #define uchar unsigned char  
   5          sbit DATA=P1^0;//dht11data端接单片机的P1^0口//  
   6          #define data  P0             //数据口
   7          sbit RS=P3^5;            //寄存器选择输入 
   8          sbit RW=P3^6;            //液晶读/写控制
   9          sbit  E=P3^4;            //液晶使能控制
  10          sbit PSB=P3^7;            //串/并方式控制
  11          uchar code dis1[] = {"有人:Y"};
  12          uchar code dis2[] = {"无人:N"};
  13          //延时子程序
  14          void delay_ms(uint z)
  15          {
  16   1       uint x,y;
  17   1       for(x=z;x>0;x--)
  18   1        for(y=614;y>0;y--);
  19   1      }
  20          
  21          //////////////以下是LCD12864驱动程序////////////////
  22                  
  23          /*******************************************************************/
  24          /*                                                                 */
  25          /*检查LCD忙状态                                                    */
  26          /*lcd_busy为1时，忙，等待。lcd-busy为0时,闲，可写指令与数据。      */
  27          /*                                                                 */
  28          /*******************************************************************/
  29          bit busy()
  30           {                      
  31   1          bit result;
  32   1          P0=0X00;              //关掉数码管的信号。阻止数码管受到P0口信号的影响
  33   1          RS=0;
  34   1          RW=1;
  35   1           E=1;
  36   1          delay_ms(1);
  37   1          result=(bit)(P0&0x80);
  38   1           E=0;
  39   1          return(result); 
  40   1       }
  41          /*******************************************************************/
  42          /*                                                                 */
  43          /*写指令数据到LCD                                                  */
  44          /*RS=L，RW=L，E=高脉冲，D0-D7=指令码。                             */
  45          /*                                                                 */
  46          /*******************************************************************/
  47          void wcmd(uchar cmd)
  48          {                       
  49   1          while(busy());
  50   1          RS=0;
  51   1          RW=0;
  52   1           E=0;
  53   1          _nop_();
  54   1          _nop_(); 
C51 COMPILER V8.08   人体红蚠                                                              04/28/2019 20:17:41 PAGE 2   

  55   1          P0=cmd;
  56   1              delay_ms(1);
  57   1           E=1;
  58   1              delay_ms(1);
  59   1           E=0;  
  60   1      }
  61          /*******************************************************************/
  62          /*                                                                 */
  63          /*写显示数据到LCD                                                  */
  64          /*RS=H，RW=L，E=高脉冲，D0-D7=数据。                               */
  65          /*                                                                 */
  66          /*******************************************************************/
  67          void wdat(uchar dat)
  68          {                          
  69   1         while(busy());
  70   1          RS=1;
  71   1          RW=0;
  72   1           E=0;
  73   1          P0=dat;
  74   1           delay_ms(1);
  75   1           E=1;
  76   1          delay_ms(1);
  77   1           E=0; 
  78   1      }
  79          /*******************************************************************/
  80          /*                                                                 */
  81          /*  LCD初始化设定                                                  */
  82          /*                                                                 */
  83          /*******************************************************************/
  84          void init()
  85          { 
  86   1      
  87   1          PSB=1;         //并口方式
  88   1          wcmd(0x34);      //扩充指令操作
  89   1           delay_ms(5);
  90   1          wcmd(0x30);      //基本指令操作
  91   1          delay_ms(5);
  92   1          wcmd(0x0C);      //显示开，关光标
  93   1          delay_ms(5);
  94   1          wcmd(0x01);      //清除LCD的显示内容
  95   1          delay_ms(5);
  96   1      }
  97          /*********************************************************/
  98          /*                                                       */
  99          /* 设定显示位置                                          */
 100          /*                                                       */
 101          /*********************************************************/
 102          void pos(uchar X,uchar Y)
 103          {                          
 104   1         uchar  pos;
 105   1         if (X==0)
 106   1           {X=0x80;}
 107   1         else if (X==1)
 108   1           {X=0x90;}
 109   1         else if (X==2)
 110   1           {X=0x88;}
 111   1         else if (X==3)
 112   1           {X=0x98;}
 113   1         pos=X+Y ;  
 114   1         wcmd(pos);     //显示地址
 115   1      }
 116          //////////////////以上是LCD12864驱动程序////////////////
C51 COMPILER V8.08   人体红蚠                                                              04/28/2019 20:17:41 PAGE 3   

 117          
 118          void main()//主函数模块//   
 119          {      
 120   1          uchar i=0;
 121   1              init();
 122   1          delay_ms(1500); 
 123   1      
 124   1      /*      pos(0,0);             //设置显示位置为第一行的第1个字符
 125   1          i=0;
 126   1          while(dis1[i] != '\0')
 127   1          {                         //显示字符
 128   1              wdat(dis1[i]);
 129   1              i++;
 130   1          }
 131   1      */
 132   1          while(1)     
 133   1          {  
 134   2                      pos(0,0);
 135   2                      i=0; 
 136   2                      if(DATA == 1)
 137   2                      {
 138   3                               while(dis1[i] != '\0')
 139   3                   {                         //显示字符
 140   4                    wdat(dis1[i]);
 141   4                    i++;
 142   4                    }
 143   3                      }
 144   2                      else
 145   2                      {        
 146   3                           while(dis2[i] != '\0')
 147   3                   {                         //显示字符
 148   4                    wdat(dis2[i]);
 149   4                    i++;
 150   4                    }
 151   3                      }
 152   2      
 153   2          }  
 154   1      }


MODULE INFORMATION:   STATIC OVERLAYABLE
   CODE SIZE        =    243    ----
   CONSTANT SIZE    =     14    ----
   XDATA SIZE       =   ----    ----
   PDATA SIZE       =   ----    ----
   DATA SIZE        =   ----    ----
   IDATA SIZE       =   ----    ----
   BIT SIZE         =   ----       1
END OF MODULE INFORMATION.


C51 COMPILATION COMPLETE.  0 WARNING(S),  0 ERROR(S)
